BGS_BRIGHT_full_HPmapcut.dat.fits selected 7766287
BGS_BRIGHT-21.35_SGC_clustering.dat.fits selected 459304
BGS_BRIGHT-21.35_NGC_clustering.dat.fits selected 1093806
BGS_ANY-02_SGC_clustering.dat.fits selected 508269
BGS_ANY-02_NGC_clustering.dat.fits selected 1247091
BGS_BRIGHT-02_SGC_clustering.dat.h5 selected 426310
BGS_BRIGHT-02_NGC_clustering.dat.h5 selected 1028139
BGS_ANY-02_SGC_clustering.dat.fits selected 507554
BGS_ANY-02_NGC_clustering.dat.fits selected 1245075
BGS_BRIGHT-02_SGC_clustering.dat.h5 selected 424811
BGS_BRIGHT-02_NGC_clustering.dat.h5 selected 1028559
BGS_ANY-02_SGC_clustering.dat.fits selected 507834
BGS_ANY-02_NGC_clustering.dat.fits selected 1248590
BGS_BRIGHT-02_SGC_clustering.dat.h5 selected 424125
BGS_BRIGHT-02_NGC_clustering.dat.h5 selected 1028671
BGS_ANY-02_SGC_clustering.dat.fits selected 510731
BGS_ANY-02_NGC_clustering.dat.fits selected 1244932
BGS_BRIGHT-02_SGC_clustering.dat.h5 selected 426972
BGS_BRIGHT-02_NGC_clustering.dat.h5 selected 1029511
BGS_ANY-02_SGC_clustering.dat.fits selected 508102
BGS_ANY-02_NGC_clustering.dat.fits selected 1244955
BGS_BRIGHT-02_SGC_clustering.dat.h5 selected 423053
BGS_BRIGHT-02_NGC_clustering.dat.h5 selected 1028946
COMPLETE
