{
  "N_zobs": {
    "colour": {
      "n": 58825,
      "finite": 58825,
      "rms": 0.041218662541338325,
      "median": 0.03530836408750693,
      "maxabs": 0.5725744369719873
    },
    "r": {
      "n": 58825,
      "finite": 58825,
      "rms": 0.046103147459738286,
      "median": 0.04951051573674903,
      "maxabs": 0.06331155472912187
    }
  },
  "N_mixed": {
    "colour": {
      "n": 58825,
      "finite": 58825,
      "rms": 0.041218662541338325,
      "median": 0.03530836408750693,
      "maxabs": 0.5725744369719873
    },
    "r": {
      "n": 58825,
      "finite": 58825,
      "rms": 0.0466286049176863,
      "median": 0.04668446292729911,
      "maxabs": 0.14015379788679994
    }
  },
  "S_zobs": {
    "colour": {
      "n": 58825,
      "finite": 58825,
      "rms": 0.02467046187175847,
      "median": -1.5083443938301855e-08,
      "maxabs": 0.43863583387262345
    },
    "r": {
      "n": 58825,
      "finite": 58825,
      "rms": 0.024943470895349776,
      "median": 4.60210936168437e-05,
      "maxabs": 0.06305730895090278
    }
  },
  "S_mixed": {
    "colour": {
      "n": 58825,
      "finite": 58825,
      "rms": 0.02467046187175847,
      "median": -1.5083443938301855e-08,
      "maxabs": 0.43863583387262345
    },
    "r": {
      "n": 58825,
      "finite": 58825,
      "rms": 0.027020359370192,
      "median": -0.0033882285066582085,
      "maxabs": 0.14311398380702656
    }
  }
}
