{
  "raw": "/global/cfs/cdirs/desi/cosmosim/SecondGenMocks/AbacusSummit/CutSky/BGS/v0.1/z0.200/cutsky_BGS_z0.200_AbacusSummit_base_c000_ph006.fits",
  "raw_rows": 64058709,
  "sample_rows": 200184,
  "stride": 320,
  "job": "58892691",
  "source_url": "https://github.com/amjsmith/shared_code",
  "source_commit": "a40a5d3be570a6ce9d5a0698268b04864d4d3af2",
  "variants": {
    "Z_cubicTrue": {
      "0.15_0.25": {
        "colour_residual": {
          "n": 35601,
          "median": 3.828372063807706e-09,
          "p01_p99": [
            -8.631957837401671e-08,
            9.507237019867887e-08
          ],
          "max_abs": 1.514321235074334e-07,
          "rms": 3.8020534352833073e-08
        },
        "r_residual_approx_distance": {
          "n": 35601,
          "median": -0.07826007461706652,
          "p01_p99": [
            -0.11911994805330295,
            -0.04073650764305725
          ],
          "max_abs": 0.1200459833318952,
          "rms": 0.08221424753945314
        }
      },
      "0.25_0.35": {
        "colour_residual": {
          "n": 21507,
          "median": -1.2331117682506942e-08,
          "p01_p99": [
            -1.1736826858843586e-07,
            8.939202734925538e-08
          ],
          "max_abs": 1.7076372471613865e-07,
          "rms": 4.670751811328204e-08
        },
        "r_residual_approx_distance": {
          "n": 21507,
          "median": -0.1517916893678084,
          "p01_p99": [
            -0.1986553115621602,
            -0.12059993514560965
          ],
          "max_abs": 0.20006257308356723,
          "rms": 0.15602071111231508
        }
      },
      "0.35_0.45": {
        "colour_residual": {
          "n": 7317,
          "median": -5.714953621449581e-09,
          "p01_p99": [
            -1.1326016795543125e-07,
            1.0127332427778417e-07
          ],
          "max_abs": 1.7255020634543428e-07,
          "rms": 4.76995213150361e-08
        },
        "r_residual_approx_distance": {
          "n": 7317,
          "median": -0.22633198290388634,
          "p01_p99": [
            -0.2779426844104428,
            -0.20051116405146133
          ],
          "max_abs": 0.28007881400166923,
          "rms": 0.23114063118433822
        }
      },
      "0.45_0.50": {
        "colour_residual": {
          "n": 810,
          "median": 1.0209759593315937e-08,
          "p01_p99": [
            -1.2697818122298088e-07,
            1.3611185655459927e-07
          ],
          "max_abs": 1.8388312827966047e-07,
          "rms": 5.6360779889453896e-08
        },
        "r_residual_approx_distance": {
          "n": 810,
          "median": -0.2936870014030113,
          "p01_p99": [
            -0.3187184692004763,
            -0.28027188882010684
          ],
          "max_abs": 0.31986440469821886,
          "rms": 0.2953912803171078
        }
      },
      "0.50_0.55": {
        "colour_residual": {
          "n": 167,
          "median": -1.2032670415607072e-09,
          "p01_p99": [
            -8.754205345518073e-08,
            8.776421767109356e-08
          ],
          "max_abs": 1.2404485483230587e-07,
          "rms": 4.276348833794065e-08
        },
        "r_residual_approx_distance": {
          "n": 167,
          "median": -0.3325705872718281,
          "p01_p99": [
            -0.35930012888691315,
            -0.320345882536383
          ],
          "max_abs": 0.359894373480973,
          "rms": 0.33473248874351275
        }
      }
    },
    "Z_cubicFalse": {
      "0.15_0.25": {
        "colour_residual": {
          "n": 35601,
          "median": 0.00019990029481964378,
          "p01_p99": [
            -0.005909958415608596,
            0.009369204581538781
          ],
          "max_abs": 0.010320071565832922,
          "rms": 0.003206713580865738
        },
        "r_residual_approx_distance": {
          "n": 35601,
          "median": -0.07772702006019827,
          "p01_p99": [
            -0.11827436711380912,
            -0.0405043189044747
          ],
          "max_abs": 0.12036738107415701,
          "rms": 0.08163925767586122
        }
      },
      "0.25_0.35": {
        "colour_residual": {
          "n": 21507,
          "median": 0.0013214302020154722,
          "p01_p99": [
            -0.007870867495715937,
            0.011475298873310195
          ],
          "max_abs": 0.011590572504489138,
          "rms": 0.005131969864501137
        },
        "r_residual_approx_distance": {
          "n": 21507,
          "median": -0.15056539131315816,
          "p01_p99": [
            -0.1975404855360869,
            -0.11956119578259611
          ],
          "max_abs": 0.20165897131996502,
          "rms": 0.15472842087385064
        }
      },
      "0.35_0.45": {
        "colour_residual": {
          "n": 7317,
          "median": 0.0027312319620949044,
          "p01_p99": [
            -0.008695945815812109,
            0.011520632705217304
          ],
          "max_abs": 0.016219430091163556,
          "rms": 0.006112257268945228
        },
        "r_residual_approx_distance": {
          "n": 7317,
          "median": -0.22431056338583488,
          "p01_p99": [
            -0.27664803817695316,
            -0.1968919844991673
          ],
          "max_abs": 0.28419128213980827,
          "rms": 0.22888974534451703
        }
      },
      "0.45_0.50": {
        "colour_residual": {
          "n": 810,
          "median": 0.0026983075896476194,
          "p01_p99": [
            -0.009775334577167163,
            0.01291435000338687
          ],
          "max_abs": 0.015805062058348085,
          "rms": 0.006417077341754528
        },
        "r_residual_approx_distance": {
          "n": 810,
          "median": -0.29119693291925763,
          "p01_p99": [
            -0.319088645775366,
            -0.2697162337864426
          ],
          "max_abs": 0.321630395099902,
          "rms": 0.29278021005214816
        }
      },
      "0.50_0.55": {
        "colour_residual": {
          "n": 167,
          "median": -1.2032670415607072e-09,
          "p01_p99": [
            -8.754205345518073e-08,
            8.776421767109356e-08
          ],
          "max_abs": 1.2404485483230587e-07,
          "rms": 4.276348833794065e-08
        },
        "r_residual_approx_distance": {
          "n": 167,
          "median": -0.3325705872718281,
          "p01_p99": [
            -0.35930012888691315,
            -0.320345882536383
          ],
          "max_abs": 0.359894373480973,
          "rms": 0.33473248874351275
        }
      }
    },
    "Z_COSMO_cubicTrue": {
      "0.15_0.25": {
        "colour_residual": {
          "n": 35601,
          "median": 7.47635200083474e-05,
          "p01_p99": [
            -0.010703008967712258,
            0.010586046505297375
          ],
          "max_abs": 0.03672407790472865,
          "rms": 0.004007003486935768
        },
        "r_residual_approx_distance": {
          "n": 35601,
          "median": -0.07940921113233301,
          "p01_p99": [
            -0.14298656938708376,
            -0.007106082440866857
          ],
          "max_abs": 0.2519714497640919,
          "rms": 0.08422962387148485
        }
      },
      "0.25_0.35": {
        "colour_residual": {
          "n": 21507,
          "median": -5.601241553554459e-05,
          "p01_p99": [
            -0.009672427332238253,
            0.009637821498688129
          ],
          "max_abs": 0.029260550194561308,
          "rms": 0.0037247309887143863
        },
        "r_residual_approx_distance": {
          "n": 21507,
          "median": -0.15312412026047895,
          "p01_p99": [
            -0.21393817403581517,
            -0.09716543929481755
          ],
          "max_abs": 0.2745236945494689,
          "rms": 0.1569896063170691
        }
      },
      "0.35_0.45": {
        "colour_residual": {
          "n": 7317,
          "median": -7.747383361511595e-06,
          "p01_p99": [
            -0.0049812365595223885,
            0.005338708719323317
          ],
          "max_abs": 0.023691783861820914,
          "rms": 0.0018710283147816446
        },
        "r_residual_approx_distance": {
          "n": 7317,
          "median": -0.22785233997230492,
          "p01_p99": [
            -0.29416404745280517,
            -0.17694497170524398
          ],
          "max_abs": 0.3673520048093124,
          "rms": 0.23195563499715524
        }
      },
      "0.45_0.50": {
        "colour_residual": {
          "n": 810,
          "median": 9.708241733685785e-06,
          "p01_p99": [
            -0.005184155747157804,
            0.006349272435315738
          ],
          "max_abs": 0.011681836092686027,
          "rms": 0.0018292033204732458
        },
        "r_residual_approx_distance": {
          "n": 810,
          "median": -0.2952785979278243,
          "p01_p99": [
            -0.3460791525516153,
            -0.2564168458070245
          ],
          "max_abs": 0.3682311360994497,
          "rms": 0.2965106861938045
        }
      },
      "0.50_0.55": {
        "colour_residual": {
          "n": 167,
          "median": 8.708361327625092e-05,
          "p01_p99": [
            -0.00626441560976893,
            0.002071582574951748
          ],
          "max_abs": 0.016097991715954496,
          "rms": 0.0017921706640256117
        },
        "r_residual_approx_distance": {
          "n": 167,
          "median": -0.3343383453952882,
          "p01_p99": [
            -0.37070180198654307,
            -0.29852047820514266
          ],
          "max_abs": 0.3751122493168353,
          "rms": 0.3356854416590872
        }
      }
    },
    "Z_COSMO_cubicFalse": {
      "0.15_0.25": {
        "colour_residual": {
          "n": 35601,
          "median": 0.0001983172376500697,
          "p01_p99": [
            -0.010720194592975352,
            0.014872034343014873
          ],
          "max_abs": 0.0371282283915495,
          "rms": 0.005128892659111631
        },
        "r_residual_approx_distance": {
          "n": 35601,
          "median": -0.07886019758992902,
          "p01_p99": [
            -0.1420721951791215,
            -0.006790600097026811
          ],
          "max_abs": 0.250973851296866,
          "rms": 0.083668641025952
        }
      },
      "0.25_0.35": {
        "colour_residual": {
          "n": 21507,
          "median": 0.001057950666821128,
          "p01_p99": [
            -0.011826377717077986,
            0.015936161780125274
          ],
          "max_abs": 0.03289081043346287,
          "rms": 0.0062812512145441635
        },
        "r_residual_approx_distance": {
          "n": 21507,
          "median": -0.15201552256084483,
          "p01_p99": [
            -0.2119564591777982,
            -0.0959699689882554
          ],
          "max_abs": 0.2720542500596608,
          "rms": 0.15569977643893593
        }
      },
      "0.35_0.45": {
        "colour_residual": {
          "n": 7317,
          "median": 0.0025522333058720648,
          "p01_p99": [
            -0.009959609410372376,
            0.013843293843632766
          ],
          "max_abs": 0.02631783035664137,
          "rms": 0.006414288045718989
        },
        "r_residual_approx_distance": {
          "n": 7317,
          "median": -0.22551683134662426,
          "p01_p99": [
            -0.2908906213483863,
            -0.17437974578413418
          ],
          "max_abs": 0.36076487436630345,
          "rms": 0.22970587322027966
        }
      },
      "0.45_0.50": {
        "colour_residual": {
          "n": 810,
          "median": 0.002819325175206666,
          "p01_p99": [
            -0.01047069010012791,
            0.015286247312325139
          ],
          "max_abs": 0.022401157627671253,
          "rms": 0.006650463937105623
        },
        "r_residual_approx_distance": {
          "n": 810,
          "median": -0.2925089339980662,
          "p01_p99": [
            -0.34360531792994514,
            -0.24949950376213612
          ],
          "max_abs": 0.3575554828364318,
          "rms": 0.29392896956810144
        }
      },
      "0.50_0.55": {
        "colour_residual": {
          "n": 167,
          "median": 8.708361327625092e-05,
          "p01_p99": [
            -0.0026818025033473122,
            0.002071582574951748
          ],
          "max_abs": 0.0032027389940774142,
          "rms": 0.0009156658787196503
        },
        "r_residual_approx_distance": {
          "n": 167,
          "median": -0.3343383453952882,
          "p01_p99": [
            -0.37070180198654307,
            -0.2890398285284078
          ],
          "max_abs": 0.3751122493168353,
          "rms": 0.3355015625136826
        }
      }
    }
  },
  "r_residual_linear_fit": {
    "slope": -0.8001826800435354,
    "intercept": -1.9945848202148857e-05,
    "after_fit": {
      "n": 65402,
      "median": -1.8616460248366273e-09,
      "p01_p99": [
        -1.1615227445595232e-06,
        1.0751971952691062e-06
      ],
      "max_abs": 1.5708014873827558e-06,
      "rms": 5.786347518045803e-07
    },
    "after_Q07": {
      "n": 65402,
      "median": -0.014135148867675085,
      "p01_p99": [
        -0.036329618290632804,
        -0.00520520751883602
      ],
      "max_abs": 0.04507614022940132,
      "rms": 0.017286033877632626
    },
    "after_Q08": {
      "n": 65402,
      "median": -4.55321796213326e-05,
      "p01_p99": [
        -8.671937028502441e-05,
        -2.96405672864708e-05
      ],
      "max_abs": 0.00010305133072563422,
      "rms": 5.018847851847767e-05
    }
  },
  "distance_caveat": "Flat LCDM Om=(omega_b+omega_cdm+omega_ncdm)/h^2, radiation neglected; r residual not an exact cosmology replay. Colour identity is distance independent.",
  "highz_branch_diagnostic": {
    "r_linear_minus_polynomial": {
      "n": 167,
      "median": -0.021332284245646038,
      "p01_p99": [
        -0.08638419688796733,
        0.0015219835928742596
      ],
      "max_abs": 0.09664847367180296,
      "rms": 0.034739121812267015
    },
    "g_linear_minus_polynomial": {
      "n": 167,
      "median": 0.0012858774832233966,
      "p01_p99": [
        -0.03385468594391663,
        0.07917695573630948
      ],
      "max_abs": 0.08034585325067889,
      "rms": 0.025511257315233467
    }
  },
  "hashes": {
    "source/colour.py": "b75ea6b92b482d8b167ca0b25558d28dae9302b82fa63f9f3cd481913e3a194a",
    "source/cut_sky_evolution.py": "782049a65ade3236361aeefeeece187a773aaa3ec78d1905080ea84fa7c4fc20",
    "source/k_corr_gband_z01.dat": "dcade4a37c8e4998eb0d71542ad97958b7c20b91f3bafd7295aa4e8e6d7f2694",
    "source/k_corr_rband_z01.dat": "f456f6e0e0465fe0b662366268b31c30bfe8b958fe3632cec64f78d907803126",
    "source/k_correction.py": "0a2dde5692bf7229549df814fa89deb54a99b400030199f9c2091cda37554574",
    "source/lf_params.dat": "8f5a825f06ef931e4fec087b87392ef3a09d6d5100ac338f5f34942533699695",
    "source/luminosity_function.py": "672be9cc795d4637e6f4f13af4363c344bd437573dce8b56a3793b8746dc97f4"
  },
  "script_sha256": "14f31056fd6b6b2e52a700878fbf4c960ff166b34905c7173b5759fa8b22ad6f"
}
