{
  "revisions": {
    "v0/z0.200": {
      "distance_variants": {
        "Z": {
          "fit": [
            -0.7908600694956486,
            -0.0018157609811475354
          ],
          "after_fit": {
            "n": 3300,
            "median": 0.00013614639650905147,
            "p01_p99": [
              -0.04580463541656007,
              0.047027285250291484
            ],
            "max_abs": 0.13707338265099045,
            "rms": 0.017950807949174436
          }
        },
        "Z_COSMO": {
          "fit": [
            -0.799681625078714,
            -5.6280798483624763e-05
          ],
          "after_fit": {
            "n": 3300,
            "median": -1.6681585761030987e-05,
            "p01_p99": [
              -0.005914601017110388,
              0.006067375588764
            ],
            "max_abs": 0.021319580627938373,
            "rms": 0.0019332984823452117
          }
        }
      },
      "path": "/global/cfs/cdirs/desi/cosmosim/SecondGenMocks/AbacusSummit/CutSky/BGS/v0/z0.200/cutsky_BGS_z0.200_AbacusSummit_base_c000_ph006.fits",
      "total_rows": 63753875,
      "sample_rows": 10000,
      "selected": 3300,
      "colour_residual": {
        "n": 3300,
        "median": -2.4806689757905787e-09,
        "p01_p99": [
          -1.0824868241388063e-07,
          9.595746621363084e-08
        ],
        "max_abs": 1.670274197007604e-07,
        "rms": 4.333476940250437e-08
      },
      "r_fit_slope_intercept": [
        -0.7908600694956486,
        -0.0018157609811475354
      ],
      "r_after_fit": {
        "n": 3300,
        "median": 0.00013614639650905147,
        "p01_p99": [
          -0.04580463541656007,
          0.047027285250291484
        ],
        "max_abs": 0.13707338265099045,
        "rms": 0.017950807949174436
      }
    },
    "v0.1/z0.200/old": {
      "distance_variants": {
        "Z": {
          "fit": [
            -1.5987155777378834,
            -0.00097130350295851
          ],
          "after_fit": {
            "n": 3422,
            "median": 1.5967310785403033e-05,
            "p01_p99": [
              -0.03874773176442257,
              0.03670567656529206
            ],
            "max_abs": 0.08931744142844389,
            "rms": 0.014796701346785145
          }
        },
        "Z_COSMO": {
          "fit": [
            -1.6012156660668468,
            0.00018274881423691958
          ],
          "after_fit": {
            "n": 3422,
            "median": -1.4835494287213091e-05,
            "p01_p99": [
              -0.004249036791770925,
              0.004374120737531219
            ],
            "max_abs": 0.021239358740887893,
            "rms": 0.0014631803946823546
          }
        }
      },
      "path": "/global/cfs/cdirs/desi/cosmosim/SecondGenMocks/AbacusSummit/CutSky/BGS/v0.1/z0.200/old/cutsky_BGS_z0.200_AbacusSummit_base_c000_ph006.fits",
      "total_rows": 77209808,
      "sample_rows": 10000,
      "selected": 3422,
      "colour_residual": {
        "n": 3422,
        "median": -1.7932152845956395e-09,
        "p01_p99": [
          -1.0931535070923815e-07,
          1.0112121415162266e-07
        ],
        "max_abs": 1.5864183566804968e-07,
        "rms": 4.419514138069813e-08
      },
      "r_fit_slope_intercept": [
        -1.5987155777378834,
        -0.00097130350295851
      ],
      "r_after_fit": {
        "n": 3422,
        "median": 1.5967310785403033e-05,
        "p01_p99": [
          -0.03874773176442257,
          0.03670567656529206
        ],
        "max_abs": 0.08931744142844389,
        "rms": 0.014796701346785145
      }
    },
    "v0.1/z0.200": {
      "distance_variants": {
        "Z": {
          "fit": [
            -0.800182062404458,
            -2.005983764454589e-05
          ],
          "after_fit": {
            "n": 3237,
            "median": -2.8126432571884408e-09,
            "p01_p99": [
              -2.8106618506298917e-06,
              2.85465245274341e-06
            ],
            "max_abs": 3.613188679862933e-06,
            "rms": 1.447590826030761e-06
          }
        },
        "Z_COSMO": {
          "fit": [
            -0.8014206513339195,
            0.0002892881034390421
          ],
          "after_fit": {
            "n": 3237,
            "median": -0.0001375477446452708,
            "p01_p99": [
              -0.04179288289048503,
              0.04357312879804765
            ],
            "max_abs": 0.10286272626700785,
            "rms": 0.01624998452098631
          }
        }
      },
      "path": "/global/cfs/cdirs/desi/cosmosim/SecondGenMocks/AbacusSummit/CutSky/BGS/v0.1/z0.200/cutsky_BGS_z0.200_AbacusSummit_base_c000_ph006.fits",
      "total_rows": 64058709,
      "sample_rows": 10000,
      "selected": 3237,
      "colour_residual": {
        "n": 3237,
        "median": -2.0040886727912266e-09,
        "p01_p99": [
          -1.116743186857505e-07,
          9.426290627945192e-08
        ],
        "max_abs": 1.5455637283889878e-07,
        "rms": 4.329589056462339e-08
      },
      "r_fit_slope_intercept": [
        -0.800182062404458,
        -2.005983764454589e-05
      ],
      "r_after_fit": {
        "n": 3237,
        "median": -2.8126432571884408e-09,
        "p01_p99": [
          -2.8106618506298917e-06,
          2.85465245274341e-06
        ],
        "max_abs": 3.613188679862933e-06,
        "rms": 1.447590826030761e-06
      }
    }
  },
  "job": "58892691",
  "script_sha256": "0b50caf8b6fdb5b7c7407ca9a9c520effc32841359d6a6ce389d3a18aefd90db",
  "note": "Uniformly spaced 10000 raw rows per revision; independent samples, not galaxy joins or matched count comparisons. Approximate native distance as main fingerprint. No version is a replacement candidate."
}
