5934 4 6
8105 4 14
5817 4 19
8105 2 26
8105 3 33
8105 6 34
8116 4 41
8116 6 44
5934 3 52
8105 5 61
5817 5 66
8105 1 69
8116 5 70
5934 5 74
8097 2 78
8097 3 81
[
  {
    "z": [
      0.15,
      0.25
    ],
    "n": 18,
    "stats": {
      "petro_minus_legacy_r": {
        "n": 18,
        "median": 0.3348884582519531,
        "p16_p84": [
          0.23100692749023438,
          0.4231470489501953
        ],
        "max_abs": 0.48444366455078125
      },
      "model_minus_legacy_r": {
        "n": 18,
        "median": 0.27066993713378906,
        "p16_p84": [
          0.214822998046875,
          0.3859768676757812
        ],
        "max_abs": 0.45334815979003906
      },
      "petro_minus_model_r": {
        "n": 18,
        "median": 0.05200672149658203,
        "p16_p84": [
          -0.01670257568359375,
          0.12851425170898437
        ],
        "max_abs": 0.23567771911621094
      },
      "petro_minus_legacy_gr": {
        "n": 18,
        "median": 0.04682350158691406,
        "p16_p84": [
          -0.010425186157226561,
          0.10855049133300781
        ],
        "max_abs": 0.1556243896484375
      }
    }
  },
  {
    "z": [
      0.25,
      0.35
    ],
    "n": 19,
    "stats": {
      "petro_minus_legacy_r": {
        "n": 19,
        "median": 0.4484844207763672,
        "p16_p84": [
          0.2764104461669922,
          0.5581374359130858
        ],
        "max_abs": 0.8926200866699219
      },
      "model_minus_legacy_r": {
        "n": 19,
        "median": 0.3710613250732422,
        "p16_p84": [
          0.27275772094726564,
          0.563673095703125
        ],
        "max_abs": 0.7312450408935547
      },
      "petro_minus_model_r": {
        "n": 19,
        "median": 0.05758857727050781,
        "p16_p84": [
          -0.006391983032226563,
          0.09639900207519528
        ],
        "max_abs": 0.1613750457763672
      },
      "petro_minus_legacy_gr": {
        "n": 19,
        "median": 0.1265888214111328,
        "p16_p84": [
          -0.07357696533203124,
          0.22091331481933593
        ],
        "max_abs": 0.37311363220214844
      }
    }
  },
  {
    "z": [
      0.35,
      0.45
    ],
    "n": 15,
    "stats": {
      "petro_minus_legacy_r": {
        "n": 15,
        "median": 0.2870063781738281,
        "p16_p84": [
          0.24190223693847657,
          0.4120138549804688
        ],
        "max_abs": 0.5764789581298828
      },
      "model_minus_legacy_r": {
        "n": 15,
        "median": 0.2760734558105469,
        "p16_p84": [
          0.15195594787597658,
          0.41731849670410154
        ],
        "max_abs": 0.6283054351806641
      },
      "petro_minus_model_r": {
        "n": 15,
        "median": 0.012022018432617188,
        "p16_p84": [
          -0.03498756408691406,
          0.12613342285156248
        ],
        "max_abs": 0.1996612548828125
      },
      "petro_minus_legacy_gr": {
        "n": 15,
        "median": 0.030981063842773438,
        "p16_p84": [
          -0.06484291076660156,
          0.23026100158691404
        ],
        "max_abs": 0.3380260467529297
      }
    }
  },
  {
    "z": [
      0.45,
      0.55
    ],
    "n": 6,
    "stats": {
      "petro_minus_legacy_r": {
        "n": 6,
        "median": 0.5807247161865234,
        "p16_p84": [
          0.30402183532714844,
          0.8918338775634767
        ],
        "max_abs": 1.5669574737548828
      },
      "model_minus_legacy_r": {
        "n": 6,
        "median": 0.4472694396972656,
        "p16_p84": [
          0.2517978668212891,
          0.9499305725097658
        ],
        "max_abs": 1.4294624328613281
      },
      "petro_minus_model_r": {
        "n": 6,
        "median": 0.07563209533691406,
        "p16_p84": [
          -0.025588989257812497,
          0.14644317626953127
        ],
        "max_abs": 0.1822357177734375
      },
      "petro_minus_legacy_gr": {
        "n": 6,
        "median": -0.13505077362060547,
        "p16_p84": [
          -0.41588897705078126,
          0.24897117614746095
        ],
        "max_abs": 0.447845458984375
      }
    }
  }
]
