{
  "loa": {
    "baseline": [
      791799,
      515603,
      203039,
      41243,
      1970732,
      1278482,
      501766,
      94985
    ],
    "bright_bit": [
      791799,
      515603,
      203039,
      41243,
      1970732,
      1278482,
      501766,
      94985
    ],
    "photsys_N": [
      0,
      0,
      0,
      0,
      866193,
      567312,
      214455,
      38553
    ],
    "photsys_S": [
      791799,
      515603,
      203039,
      41243,
      1104539,
      711170,
      287311,
      56432
    ],
    "nominal_bright_magnitude": [
      791798,
      515603,
      203039,
      41242,
      1970731,
      1278481,
      501764,
      94984
    ],
    "uniform_r19p5": [
      791798,
      515603,
      203039,
      41242,
      1940449,
      1245428,
      482271,
      89935
    ],
    "fiber_magnitude": [
      791799,
      515602,
      203038,
      41243,
      1970723,
      1278478,
      501764,
      94984
    ],
    "fiber_total_limit": [
      791799,
      515603,
      203039,
      41243,
      1970732,
      1278482,
      501766,
      94985
    ],
    "positive_ivar": [
      791799,
      515603,
      203039,
      41243,
      1970732,
      1278482,
      501766,
      94985
    ],
    "colour_box": [
      791799,
      515603,
      203039,
      41243,
      1970731,
      1278482,
      501766,
      94985
    ],
    "imaging_bits_1_13": [
      791799,
      515603,
      203039,
      41243,
      1970732,
      1278482,
      501766,
      94985
    ],
    "maskbit11_clear": [
      791799,
      515603,
      203039,
      41243,
      1970732,
      1278482,
      501766,
      94985
    ],
    "nobs": [
      791799,
      515603,
      203039,
      41243,
      1970732,
      1278482,
      501766,
      94985
    ],
    "dchi40": [
      790329,
      514384,
      202310,
      40698,
      1967060,
      1275803,
      500201,
      93689
    ],
    "tsnr1000": [
      791799,
      515603,
      203039,
      41243,
      1970732,
      1278482,
      501766,
      94985
    ],
    "available_target_components": [
      791798,
      515602,
      203038,
      41242,
      1970722,
      1278477,
      501762,
      94983
    ],
    "strict_joint_diagnostic": [
      790328,
      514383,
      202309,
      40697,
      1936984,
      1242918,
      480797,
      88720
    ]
  },
  "ph006": {
    "baseline": [
      775235,
      479478,
      160626,
      21246,
      1928396,
      1155507,
      396072,
      49826
    ],
    "bright_bit": [
      775235,
      479478,
      160626,
      21246,
      1928396,
      1155507,
      396072,
      49826
    ],
    "uniform_r19p5": [
      775235,
      479478,
      160626,
      21246,
      1928396,
      1155507,
      396072,
      49826
    ]
  }
}
