{
  "qualification": false,
  "method": "ph006 old-parent observed/raw ratio per cap and dz=.01 applied to ph000 v1. Diagnostic assumption, NOT v1 fibreassign or a validated quality model.",
  "target_counts": {
    "quality25_all_targeted": [
      [
        791799,
        515603,
        203039,
        41243
      ],
      [
        1970732,
        1278482,
        501766,
        94985
      ]
    ],
    "quality25_r19p5": [
      [
        791798,
        515603,
        203039,
        41242
      ],
      [
        1940449,
        1245428,
        482271,
        89935
      ]
    ],
    "quality40_all_targeted": [
      [
        796812,
        520641,
        205751,
        41467
      ],
      [
        1983051,
        1290871,
        508224,
        95562
      ]
    ],
    "quality40_r19p5": [
      [
        796811,
        520640,
        205751,
        41466
      ],
      [
        1952889,
        1257753,
        488607,
        90490
      ]
    ]
  },
  "raw_v1_counts": [
    [
      1287461,
      817060,
      327229,
      79509
    ],
    [
      2844850,
      1776858,
      722673,
      174317
    ]
  ],
  "transferred_v1_counts": [
    [
      915707.7582251177,
      586970.0976675397,
      240195.69851849123,
      58888.57104283391
    ],
    [
      2127781.332798982,
      1346471.6251589716,
      558245.4523548115,
      137099.85405151942
    ]
  ],
  "old_response_shell": [
    [
      0.711388545949145,
      0.7183743921460685,
      0.7333528560751421,
      0.7374850617447882
    ],
    [
      0.7479823529521775,
      0.7577177560525534,
      0.7719052726688694,
      0.7864181172994624
    ]
  ],
  "ratios": {
    "quality25_all_targeted": [
      [
        1.156490167612131,
        1.1384148223876505,
        1.1830027655696258,
        1.4278440230544311
      ],
      [
        1.0796908624810386,
        1.0531799627675413,
        1.1125613380635824,
        1.443384261215133
      ]
    ],
    "quality25_r19p5": [
      [
        1.1564916281995126,
        1.1384148223876505,
        1.1830027655696258,
        1.4278786441693883
      ],
      [
        1.0965407144423698,
        1.081131647240123,
        1.157534772679285,
        1.5244326908491623
      ]
    ],
    "quality40_all_targeted": [
      [
        1.1492143168339806,
        1.1273989133924138,
        1.1674096287186513,
        1.4201309726489475
      ],
      [
        1.072983666481085,
        1.0430721777458567,
        1.0984240263246354,
        1.4346691577354955
      ]
    ],
    "quality40_r19p5": [
      [
        1.1492157591011138,
        1.1274010788021276,
        1.1674096287186513,
        1.4201652207310544
      ],
      [
        1.089555695586888,
        1.070537398963844,
        1.1425244672196908,
        1.515082926859536
      ]
    ]
  },
  "missing_v1_observables": [
    "DELTACHI2",
    "SPECTYPE",
    "ZWARN",
    "fibre magnitude",
    "imaging/targeting nuisance observables",
    "actual Loa assignment and HPmap/veto output"
  ],
  "script_sha256": "d198c4a5a677e5f19dac72cd028770f4248b0e2bccce6cf9f770372aa1744646"
}
